simple_library=# CREATE TABLE students (
simple_library(#     student_id SERIAL PRIMARY KEY,
simple_library(#     name VARCHAR(100) NOT NULL,
simple_library(#     email VARCHAR(150) UNIQUE,
simple_library(#     faculty VARCHAR(50)
simple_library(# );
CREATE TABLE
simple_library=# INSERT INTO students (name, email, faculty) VALUES
simple_library-# ('Alice Johnson', 'alice@alatoo.edu.kg', 'Computer Science'),
simple_library-# ('Bob Smith', 'bob@alatoo.edu.kg', 'Mathematics'),
simple_library-# ('Carol Davis', 'carol@alatoo.edu.kg', 'Computer Science');
INSERT 0 3
simple_library=# CREATE TABLE course_enrollments (
simple_library(#     student_id INTEGER,
simple_library(#     course_id INTEGER,
simple_library(#     semester VARCHAR(20),
simple_library(#     enrollment_date DATE DEFAULT CURRENT_DATE,
simple_library(#     grade CHAR(2),
simple_library(#     PRIMARY KEY (student_id, course_id, semester)
simple_library(# );
CREATE TABLE
simple_library=#
simple_library=# INSERT INTO course_enrollments (student_id, course_id, semester, grade) VALUES
simple_library-# (1, 101, '2024-Spring', 'A'),
simple_library-# (1, 102, '2024-Spring', 'B+'),
simple_library-# (2, 101, '2024-Spring', 'A-'),
simple_library-# (1, 101, '2024-Fall', 'A+');
INSERT 0 4
simple_library=# CREATE TABLE products (
simple_library(#     product_id SERIAL PRIMARY KEY,
simple_library(#     product_name VARCHAR(100) NOT NULL,
simple_library(#     price DECIMAL(10,2)
simple_library(# );
CREATE TABLE
simple_library=# CREATE TABLE transactions (
simple_library(#     transaction_id BIGSERIAL PRIMARY KEY,  
simple_library(#     amount DECIMAL(15,2),
simple_library(#     transaction_date TIMESTAMP DEFAULT CURRENT_TIMESTAMP
simple_library(# );
CREATE TABLE
simple_library=# CREATE TABLE orders (
simple_library(#     order_id INTEGER GENERATED ALWAYS AS IDENTITY PRIMARY KEY,
simple_library(#     customer_name VARCHAR(100),
simple_library(#     order_date DATE DEFAULT CURRENT_DATE
simple_library(# );
CREATE TABLE
simple_library=# CREATE TABLE customers (
simple_library(#     customer_id INTEGER GENERATED BY DEFAULT AS IDENTITY PRIMARY KEY,
simple_library(#     customer_name VARCHAR(100),
simple_library(#     email VARCHAR(150)
simple_library(# );
CREATE TABLE
simple_library=# INSERT INTO customers (customer_id, customer_name, email)
simple_library-# VALUES (1000, 'VIP Customer', 'vip@example.com');
INSERT 0 1
simple_library=# CREATE TABLE departments (
simple_library(#     dept_id INTEGER PRIMARY KEY,
simple_library(#     dept_name VARCHAR(100)
simple_library(# );
CREATE TABLE
simple_library=# INSERT INTO departments VALUES (1, 'Computer Science');
INSERT 0 1
simple_library=# INSERT INTO departments VALUES (1, 'Mathematics');
ERROR:  duplicate key value violates unique constraint "departments_pkey"
DETAIL:  Key (dept_id)=(1) already exists.
simple_library=# INSERT INTO departments VALUES (NULL, 'Physics');
ERROR:  null value in column "dept_id" of relation "departments" violates not-null constraint
DETAIL:  Failing row contains (null, Physics).
simple_library=# \d
                       List of relations
 Schema |              Name               |   Type   |  Owner
--------+---------------------------------+----------+----------
 public | course_enrollments              | table    | postgres
 public | customers                       | table    | postgres
 public | customers_customer_id_seq       | sequence | postgres
 public | departments                     | table    | postgres
 public | orders                          | table    | postgres
 public | orders_order_id_seq             | sequence | postgres
 public | products                        | table    | postgres
 public | products_product_id_seq         | sequence | postgres
 public | students                        | table    | postgres
 public | students_student_id_seq         | sequence | postgres
 public | students_student_id_seq1        | sequence | postgres
 public | transactions                    | table    | postgres
 public | transactions_transaction_id_seq | sequence | postgres
 public | university_students             | table    | postgres
 public | users                           | table    | postgres
 public | users_id_seq                    | sequence | postgres
(16 rows)


simple_library=# \d students
                                          Table "public.students"
   Column   |          Type          | Collation | Nullable |                    Default
------------+------------------------+-----------+----------+-----------------------------------------------
 student_id | integer                |           | not null | nextval('students_student_id_seq1'::regclass)
 name       | character varying(100) |           | not null |
 email      | character varying(150) |           |          |
 faculty    | character varying(50)  |           |          |
Indexes:
    "students_pkey1" PRIMARY KEY, btree (student_id)
    "students_email_key1" UNIQUE CONSTRAINT, btree (email)


simple_library=#